Archive member included to satisfy reference by file (symbol)

h:/stm/stm32cubeide_1.10.1/stm32cubeide/plugins/com.st.stm32cube.ide.mcu.externaltools.gnu-tools-for-stm32.10.3-2021.10.win32_1.0.0.202111181127/tools/bin/../lib/gcc/arm-none-eabi/10.3.1/../../../../arm-none-eabi/lib/thumb/v7-m/nofp\libc_nano.a(lib_a-errno.o)
                              ./Core/Src/syscalls.o (__errno)
h:/stm/stm32cubeide_1.10.1/stm32cubeide/plugins/com.st.stm32cube.ide.mcu.externaltools.gnu-tools-for-stm32.10.3-2021.10.win32_1.0.0.202111181127/tools/bin/../lib/gcc/arm-none-eabi/10.3.1/../../../../arm-none-eabi/lib/thumb/v7-m/nofp\libc_nano.a(lib_a-exit.o)
                              h:/stm/stm32cubeide_1.10.1/stm32cubeide/plugins/com.st.stm32cube.ide.mcu.externaltools.gnu-tools-for-stm32.10.3-2021.10.win32_1.0.0.202111181127/tools/bin/../lib/gcc/arm-none-eabi/10.3.1/../../../../arm-none-eabi/lib/thumb/v7-m/nofp/crt0.o (exit)
h:/stm/stm32cubeide_1.10.1/stm32cubeide/plugins/com.st.stm32cube.ide.mcu.externaltools.gnu-tools-for-stm32.10.3-2021.10.win32_1.0.0.202111181127/tools/bin/../lib/gcc/arm-none-eabi/10.3.1/../../../../arm-none-eabi/lib/thumb/v7-m/nofp\libc_nano.a(lib_a-impure.o)
                              h:/stm/stm32cubeide_1.10.1/stm32cubeide/plugins/com.st.stm32cube.ide.mcu.externaltools.gnu-tools-for-stm32.10.3-2021.10.win32_1.0.0.202111181127/tools/bin/../lib/gcc/arm-none-eabi/10.3.1/../../../../arm-none-eabi/lib/thumb/v7-m/nofp\libc_nano.a(lib_a-exit.o) (_global_impure_ptr)
h:/stm/stm32cubeide_1.10.1/stm32cubeide/plugins/com.st.stm32cube.ide.mcu.externaltools.gnu-tools-for-stm32.10.3-2021.10.win32_1.0.0.202111181127/tools/bin/../lib/gcc/arm-none-eabi/10.3.1/../../../../arm-none-eabi/lib/thumb/v7-m/nofp\libc_nano.a(lib_a-init.o)
                              h:/stm/stm32cubeide_1.10.1/stm32cubeide/plugins/com.st.stm32cube.ide.mcu.externaltools.gnu-tools-for-stm32.10.3-2021.10.win32_1.0.0.202111181127/tools/bin/../lib/gcc/arm-none-eabi/10.3.1/../../../../arm-none-eabi/lib/thumb/v7-m/nofp/crt0.o (__libc_init_array)
h:/stm/stm32cubeide_1.10.1/stm32cubeide/plugins/com.st.stm32cube.ide.mcu.externaltools.gnu-tools-for-stm32.10.3-2021.10.win32_1.0.0.202111181127/tools/bin/../lib/gcc/arm-none-eabi/10.3.1/../../../../arm-none-eabi/lib/thumb/v7-m/nofp\libc_nano.a(lib_a-memset.o)
                              h:/stm/stm32cubeide_1.10.1/stm32cubeide/plugins/com.st.stm32cube.ide.mcu.externaltools.gnu-tools-for-stm32.10.3-2021.10.win32_1.0.0.202111181127/tools/bin/../lib/gcc/arm-none-eabi/10.3.1/../../../../arm-none-eabi/lib/thumb/v7-m/nofp/crt0.o (memset)

Discarded input sections

 .text          0x0000000000000000        0x0 h:/stm/stm32cubeide_1.10.1/stm32cubeide/plugins/com.st.stm32cube.ide.mcu.externaltools.gnu-tools-for-stm32.10.3-2021.10.win32_1.0.0.202111181127/tools/bin/../lib/gcc/arm-none-eabi/10.3.1/thumb/v7-m/nofp/crti.o
 .data          0x0000000000000000        0x0 h:/stm/stm32cubeide_1.10.1/stm32cubeide/plugins/com.st.stm32cube.ide.mcu.externaltools.gnu-tools-for-stm32.10.3-2021.10.win32_1.0.0.202111181127/tools/bin/../lib/gcc/arm-none-eabi/10.3.1/thumb/v7-m/nofp/crti.o
 .bss           0x0000000000000000        0x0 h:/stm/stm32cubeide_1.10.1/stm32cubeide/plugins/com.st.stm32cube.ide.mcu.externaltools.gnu-tools-for-stm32.10.3-2021.10.win32_1.0.0.202111181127/tools/bin/../lib/gcc/arm-none-eabi/10.3.1/thumb/v7-m/nofp/crti.o
 .data          0x0000000000000000        0x4 h:/stm/stm32cubeide_1.10.1/stm32cubeide/plugins/com.st.stm32cube.ide.mcu.externaltools.gnu-tools-for-stm32.10.3-2021.10.win32_1.0.0.202111181127/tools/bin/../lib/gcc/arm-none-eabi/10.3.1/thumb/v7-m/nofp/crtbegin.o
 .rodata        0x0000000000000000       0x24 h:/stm/stm32cubeide_1.10.1/stm32cubeide/plugins/com.st.stm32cube.ide.mcu.externaltools.gnu-tools-for-stm32.10.3-2021.10.win32_1.0.0.202111181127/tools/bin/../lib/gcc/arm-none-eabi/10.3.1/thumb/v7-m/nofp/crtbegin.o
 .text          0x0000000000000000       0x7c h:/stm/stm32cubeide_1.10.1/stm32cubeide/plugins/com.st.stm32cube.ide.mcu.externaltools.gnu-tools-for-stm32.10.3-2021.10.win32_1.0.0.202111181127/tools/bin/../lib/gcc/arm-none-eabi/10.3.1/../../../../arm-none-eabi/lib/thumb/v7-m/nofp/crt0.o
 .data          0x0000000000000000        0x0 h:/stm/stm32cubeide_1.10.1/stm32cubeide/plugins/com.st.stm32cube.ide.mcu.externaltools.gnu-tools-for-stm32.10.3-2021.10.win32_1.0.0.202111181127/tools/bin/../lib/gcc/arm-none-eabi/10.3.1/../../../../arm-none-eabi/lib/thumb/v7-m/nofp/crt0.o
 .bss           0x0000000000000000        0x0 h:/stm/stm32cubeide_1.10.1/stm32cubeide/plugins/com.st.stm32cube.ide.mcu.externaltools.gnu-tools-for-stm32.10.3-2021.10.win32_1.0.0.202111181127/tools/bin/../lib/gcc/arm-none-eabi/10.3.1/../../../../arm-none-eabi/lib/thumb/v7-m/nofp/crt0.o
[...]
Memory Configuration

Name             Origin             Length             Attributes
RAM              0x0000000020000000 0x0000000000005000 xrw
FLASH            0x0000000008000000 0x0000000000010000 xr
*default*        0x0000000000000000 0xffffffffffffffff

Linker script and memory map

LOAD h:/stm/stm32cubeide_1.10.1/stm32cubeide/plugins/com.st.stm32cube.ide.mcu.externaltools.gnu-tools-for-stm32.10.3-2021.10.win32_1.0.0.202111181127/tools/bin/../lib/gcc/arm-none-eabi/10.3.1/thumb/v7-m/nofp/crti.o
LOAD h:/stm/stm32cubeide_1.10.1/stm32cubeide/plugins/com.st.stm32cube.ide.mcu.externaltools.gnu-tools-for-stm32.10.3-2021.10.win32_1.0.0.202111181127/tools/bin/../lib/gcc/arm-none-eabi/10.3.1/thumb/v7-m/nofp/crtbegin.o
LOAD h:/stm/stm32cubeide_1.10.1/stm32cubeide/plugins/com.st.stm32cube.ide.mcu.externaltools.gnu-tools-for-stm32.10.3-2021.10.win32_1.0.0.202111181127/tools/bin/../lib/gcc/arm-none-eabi/10.3.1/../../../../arm-none-eabi/lib/thumb/v7-m/nofp/crt0.o
LOAD ./Core/Src/main.o
LOAD ./Core/Src/stm32f1xx_it.o
LOAD ./Core/Src/syscalls.o
LOAD ./Core/Src/sysmem.o
LOAD ./Core/Src/system_stm32f1xx.o
LOAD ./Core/Startup/startup_stm32f103c8tx.o
LOAD ./Drivers/STM32F1xx_HAL_Driver/Src/stm32f1xx_ll_exti.o
LOAD ./Drivers/STM32F1xx_HAL_Driver/Src/stm32f1xx_ll_gpio.o
LOAD ./Drivers/STM32F1xx_HAL_Driver/Src/stm32f1xx_ll_pwr.o
LOAD ./Drivers/STM32F1xx_HAL_Driver/Src/stm32f1xx_ll_rcc.o
LOAD ./Drivers/STM32F1xx_HAL_Driver/Src/stm32f1xx_ll_utils.o
START GROUP
LOAD h:/stm/stm32cubeide_1.10.1/stm32cubeide/plugins/com.st.stm32cube.ide.mcu.externaltools.gnu-tools-for-stm32.10.3-2021.10.win32_1.0.0.202111181127/tools/bin/../lib/gcc/arm-none-eabi/10.3.1/../../../../arm-none-eabi/lib/thumb/v7-m/nofp\libc_nano.a
LOAD h:/stm/stm32cubeide_1.10.1/stm32cubeide/plugins/com.st.stm32cube.ide.mcu.externaltools.gnu-tools-for-stm32.10.3-2021.10.win32_1.0.0.202111181127/tools/bin/../lib/gcc/arm-none-eabi/10.3.1/../../../../arm-none-eabi/lib/thumb/v7-m/nofp\libm.a
END GROUP
START GROUP
LOAD h:/stm/stm32cubeide_1.10.1/stm32cubeide/plugins/com.st.stm32cube.ide.mcu.externaltools.gnu-tools-for-stm32.10.3-2021.10.win32_1.0.0.202111181127/tools/bin/../lib/gcc/arm-none-eabi/10.3.1/thumb/v7-m/nofp\libgcc.a
LOAD h:/stm/stm32cubeide_1.10.1/stm32cubeide/plugins/com.st.stm32cube.ide.mcu.externaltools.gnu-tools-for-stm32.10.3-2021.10.win32_1.0.0.202111181127/tools/bin/../lib/gcc/arm-none-eabi/10.3.1/../../../../arm-none-eabi/lib/thumb/v7-m/nofp\libc_nano.a
END GROUP
START GROUP
LOAD h:/stm/stm32cubeide_1.10.1/stm32cubeide/plugins/com.st.stm32cube.ide.mcu.externaltools.gnu-tools-for-stm32.10.3-2021.10.win32_1.0.0.202111181127/tools/bin/../lib/gcc/arm-none-eabi/10.3.1/thumb/v7-m/nofp\libgcc.a
LOAD h:/stm/stm32cubeide_1.10.1/stm32cubeide/plugins/com.st.stm32cube.ide.mcu.externaltools.gnu-tools-for-stm32.10.3-2021.10.win32_1.0.0.202111181127/tools/bin/../lib/gcc/arm-none-eabi/10.3.1/../../../../arm-none-eabi/lib/thumb/v7-m/nofp\libc_nano.a
LOAD h:/stm/stm32cubeide_1.10.1/stm32cubeide/plugins/com.st.stm32cube.ide.mcu.externaltools.gnu-tools-for-stm32.10.3-2021.10.win32_1.0.0.202111181127/tools/bin/../lib/gcc/arm-none-eabi/10.3.1/../../../../arm-none-eabi/lib/thumb/v7-m/nofp\libnosys.a
END GROUP
START GROUP
LOAD h:/stm/stm32cubeide_1.10.1/stm32cubeide/plugins/com.st.stm32cube.ide.mcu.externaltools.gnu-tools-for-stm32.10.3-2021.10.win32_1.0.0.202111181127/tools/bin/../lib/gcc/arm-none-eabi/10.3.1/thumb/v7-m/nofp\libgcc.a
LOAD h:/stm/stm32cubeide_1.10.1/stm32cubeide/plugins/com.st.stm32cube.ide.mcu.externaltools.gnu-tools-for-stm32.10.3-2021.10.win32_1.0.0.202111181127/tools/bin/../lib/gcc/arm-none-eabi/10.3.1/../../../../arm-none-eabi/lib/thumb/v7-m/nofp\libc_nano.a
LOAD h:/stm/stm32cubeide_1.10.1/stm32cubeide/plugins/com.st.stm32cube.ide.mcu.externaltools.gnu-tools-for-stm32.10.3-2021.10.win32_1.0.0.202111181127/tools/bin/../lib/gcc/arm-none-eabi/10.3.1/../../../../arm-none-eabi/lib/thumb/v7-m/nofp\libnosys.a
END GROUP
LOAD h:/stm/stm32cubeide_1.10.1/stm32cubeide/plugins/com.st.stm32cube.ide.mcu.externaltools.gnu-tools-for-stm32.10.3-2021.10.win32_1.0.0.202111181127/tools/bin/../lib/gcc/arm-none-eabi/10.3.1/thumb/v7-m/nofp/crtend.o
LOAD h:/stm/stm32cubeide_1.10.1/stm32cubeide/plugins/com.st.stm32cube.ide.mcu.externaltools.gnu-tools-for-stm32.10.3-2021.10.win32_1.0.0.202111181127/tools/bin/../lib/gcc/arm-none-eabi/10.3.1/thumb/v7-m/nofp/crtn.o
                0x0000000020005000                _estack = (ORIGIN (RAM) + LENGTH (RAM))
                0x0000000000000200                _Min_Heap_Size = 0x200
                0x0000000000000400                _Min_Stack_Size = 0x400

.isr_vector     0x0000000008000000      0x10c
                0x0000000008000000                . = ALIGN (0x4)
 *(.isr_vector)
 .isr_vector    0x0000000008000000      0x10c ./Core/Startup/startup_stm32f103c8tx.o
                0x0000000008000000                g_pfnVectors
                0x000000000800010c                . = ALIGN (0x4)

.text           0x000000000800010c      0x8fc
                0x000000000800010c                . = ALIGN (0x4)
 *(.text)
 .text          0x000000000800010c       0x40 h:/stm/stm32cubeide_1.10.1/stm32cubeide/plugins/com.st.stm32cube.ide.mcu.externaltools.gnu-tools-for-stm32.10.3-2021.10.win32_1.0.0.202111181127/tools/bin/../lib/gcc/arm-none-eabi/10.3.1/thumb/v7-m/nofp/crtbegin.o
 *(.text*)
 .text.__NVIC_SetPriorityGrouping
                0x000000000800014c       0x48 ./Core/Src/main.o
 .text.__NVIC_GetPriorityGrouping
                0x0000000008000194       0x1c ./Core/Src/main.o
 .text.__NVIC_SetPriority
                0x00000000080001b0       0x54 ./Core/Src/main.o
 .text.NVIC_EncodePriority
                0x0000000008000204       0x64 ./Core/Src/main.o
 .text.SysTick_Config
                0x0000000008000268       0x44 ./Core/Src/main.o
 .text.LL_RCC_HSI_Enable
                0x00000000080002ac       0x1c ./Core/Src/main.o
 .text.LL_RCC_HSI_IsReady
                0x00000000080002c8       0x24 ./Core/Src/main.o
 .text.LL_RCC_HSI_SetCalibTrimming
                0x00000000080002ec       0x28 ./Core/Src/main.o
 .text.LL_RCC_SetSysClkSource
                0x0000000008000314       0x28 ./Core/Src/main.o
 .text.LL_RCC_GetSysClkSource
                0x000000000800033c       0x18 ./Core/Src/main.o
 .text.LL_RCC_SetAHBPrescaler
                0x0000000008000354       0x28 ./Core/Src/main.o
 .text.LL_RCC_SetAPB1Prescaler
                0x000000000800037c       0x28 ./Core/Src/main.o
 .text.LL_RCC_SetAPB2Prescaler
                0x00000000080003a4       0x28 ./Core/Src/main.o
 .text.LL_APB1_GRP1_EnableClock
                0x00000000080003cc       0x30 ./Core/Src/main.o
 .text.LL_APB2_GRP1_EnableClock
                0x00000000080003fc       0x30 ./Core/Src/main.o
 .text.LL_FLASH_SetLatency
                0x000000000800042c       0x28 ./Core/Src/main.o
 .text.LL_FLASH_GetLatency
                0x0000000008000454       0x18 ./Core/Src/main.o
 .text.LL_GPIO_ResetOutputPin
                0x000000000800046c       0x1e ./Core/Src/main.o
 .text.LL_GPIO_TogglePin
                0x000000000800048a       0x38 ./Core/Src/main.o
 *fill*         0x00000000080004c2        0x2 
 .text.LL_GPIO_AF_Remap_SWJ_NOJTAG
                0x00000000080004c4       0x20 ./Core/Src/main.o
 .text.main     0x00000000080004e4       0x7c ./Core/Src/main.o
                0x00000000080004e4                main
 .text.SystemClock_Config
                0x0000000008000560       0x64 ./Core/Src/main.o
                0x0000000008000560                SystemClock_Config
 .text.MX_GPIO_Init
                0x00000000080005c4       0x4c ./Core/Src/main.o
 .text.SysTick_Handler
                0x0000000008000610       0x24 ./Core/Src/main.o
                0x0000000008000610                SysTick_Handler
 .text.Delay_ms
                0x0000000008000634       0x28 ./Core/Src/main.o
                0x0000000008000634                Delay_ms
 .text.Error_Handler
                0x000000000800065c        0xa ./Core/Src/main.o
                0x000000000800065c                Error_Handler
 .text.NMI_Handler
                0x0000000008000666        0x6 ./Core/Src/stm32f1xx_it.o
                0x0000000008000666                NMI_Handler
 .text.HardFault_Handler
                0x000000000800066c        0x6 ./Core/Src/stm32f1xx_it.o
                0x000000000800066c                HardFault_Handler
 .text.MemManage_Handler
                0x0000000008000672        0x6 ./Core/Src/stm32f1xx_it.o
                0x0000000008000672                MemManage_Handler
 .text.BusFault_Handler
                0x0000000008000678        0x6 ./Core/Src/stm32f1xx_it.o
                0x0000000008000678                BusFault_Handler
 .text.UsageFault_Handler
                0x000000000800067e        0x6 ./Core/Src/stm32f1xx_it.o
                0x000000000800067e                UsageFault_Handler
 .text.SVC_Handler
                0x0000000008000684        0xc ./Core/Src/stm32f1xx_it.o
                0x0000000008000684                SVC_Handler
 .text.DebugMon_Handler
                0x0000000008000690        0xc ./Core/Src/stm32f1xx_it.o
                0x0000000008000690                DebugMon_Handler
 .text.PendSV_Handler
                0x000000000800069c        0xc ./Core/Src/stm32f1xx_it.o
                0x000000000800069c                PendSV_Handler
 .text.SystemInit
                0x00000000080006a8        0xc ./Core/Src/system_stm32f1xx.o
                0x00000000080006a8                SystemInit
 .text.Reset_Handler
                0x00000000080006b4       0x48 ./Core/Startup/startup_stm32f103c8tx.o
                0x00000000080006b4                Reset_Handler
 .text.Default_Handler
                0x00000000080006fc        0x2 ./Core/Startup/startup_stm32f103c8tx.o
                0x00000000080006fc                RTC_Alarm_IRQHandler
                0x00000000080006fc                EXTI2_IRQHandler
                0x00000000080006fc                TIM1_CC_IRQHandler
                0x00000000080006fc                PVD_IRQHandler
                0x00000000080006fc                EXTI3_IRQHandler
                0x00000000080006fc                EXTI0_IRQHandler
                0x00000000080006fc                I2C2_EV_IRQHandler
                0x00000000080006fc                ADC1_2_IRQHandler
                0x00000000080006fc                SPI1_IRQHandler
                0x00000000080006fc                TAMPER_IRQHandler
                0x00000000080006fc                DMA1_Channel4_IRQHandler
                0x00000000080006fc                USART3_IRQHandler
                0x00000000080006fc                RTC_IRQHandler
                0x00000000080006fc                DMA1_Channel7_IRQHandler
                0x00000000080006fc                CAN1_RX1_IRQHandler
                0x00000000080006fc                TIM4_IRQHandler
                0x00000000080006fc                I2C1_EV_IRQHandler
                0x00000000080006fc                DMA1_Channel6_IRQHandler
                0x00000000080006fc                TIM3_IRQHandler
                0x00000000080006fc                RCC_IRQHandler
                0x00000000080006fc                TIM1_TRG_COM_IRQHandler
                0x00000000080006fc                DMA1_Channel1_IRQHandler
                0x00000000080006fc                Default_Handler
                0x00000000080006fc                EXTI15_10_IRQHandler
                0x00000000080006fc                EXTI9_5_IRQHandler
                0x00000000080006fc                SPI2_IRQHandler
                0x00000000080006fc                DMA1_Channel5_IRQHandler
                0x00000000080006fc                EXTI4_IRQHandler
                0x00000000080006fc                USB_LP_CAN1_RX0_IRQHandler
                0x00000000080006fc                USB_HP_CAN1_TX_IRQHandler
                0x00000000080006fc                DMA1_Channel3_IRQHandler
                0x00000000080006fc                TIM1_UP_IRQHandler
                0x00000000080006fc                WWDG_IRQHandler
                0x00000000080006fc                TIM2_IRQHandler
                0x00000000080006fc                TIM1_BRK_IRQHandler
                0x00000000080006fc                EXTI1_IRQHandler
                0x00000000080006fc                USART2_IRQHandler
                0x00000000080006fc                I2C2_ER_IRQHandler
                0x00000000080006fc                DMA1_Channel2_IRQHandler
                0x00000000080006fc                CAN1_SCE_IRQHandler
                0x00000000080006fc                FLASH_IRQHandler
                0x00000000080006fc                USART1_IRQHandler
                0x00000000080006fc                I2C1_ER_IRQHandler
                0x00000000080006fc                USBWakeUp_IRQHandler
 .text.LL_GPIO_SetPinMode
                0x00000000080006fe       0x64 ./Drivers/STM32F1xx_HAL_Driver/Src/stm32f1xx_ll_gpio.o
 .text.LL_GPIO_SetPinSpeed
                0x0000000008000762       0x64 ./Drivers/STM32F1xx_HAL_Driver/Src/stm32f1xx_ll_gpio.o
 .text.LL_GPIO_SetPinOutputType
                0x00000000080007c6       0x64 ./Drivers/STM32F1xx_HAL_Driver/Src/stm32f1xx_ll_gpio.o
 .text.LL_GPIO_SetPinPull
                0x000000000800082a       0x44 ./Drivers/STM32F1xx_HAL_Driver/Src/stm32f1xx_ll_gpio.o
 .text.LL_GPIO_Init
                0x000000000800086e       0xcc ./Drivers/STM32F1xx_HAL_Driver/Src/stm32f1xx_ll_gpio.o
                0x000000000800086e                LL_GPIO_Init
 *fill*         0x000000000800093a        0x2 
 .text.LL_InitTick
                0x000000000800093c       0x34 ./Drivers/STM32F1xx_HAL_Driver/Src/stm32f1xx_ll_utils.o
 .text.LL_Init1msTick
                0x0000000008000970       0x1a ./Drivers/STM32F1xx_HAL_Driver/Src/stm32f1xx_ll_utils.o
                0x0000000008000970                LL_Init1msTick
 *fill*         0x000000000800098a        0x2 
 .text.LL_SetSystemCoreClock
                0x000000000800098c       0x1c ./Drivers/STM32F1xx_HAL_Driver/Src/stm32f1xx_ll_utils.o
                0x000000000800098c                LL_SetSystemCoreClock
 .text.__libc_init_array
                0x00000000080009a8       0x48 h:/stm/stm32cubeide_1.10.1/stm32cubeide/plugins/com.st.stm32cube.ide.mcu.externaltools.gnu-tools-for-stm32.10.3-2021.10.win32_1.0.0.202111181127/tools/bin/../lib/gcc/arm-none-eabi/10.3.1/../../../../arm-none-eabi/lib/thumb/v7-m/nofp\libc_nano.a(lib_a-init.o)
                0x00000000080009a8                __libc_init_array
 *(.glue_7)
 .glue_7        0x00000000080009f0        0x0 linker stubs
 *(.glue_7t)
 .glue_7t       0x00000000080009f0        0x0 linker stubs
 *(.eh_frame)
 .eh_frame      0x00000000080009f0        0x0 h:/stm/stm32cubeide_1.10.1/stm32cubeide/plugins/com.st.stm32cube.ide.mcu.externaltools.gnu-tools-for-stm32.10.3-2021.10.win32_1.0.0.202111181127/tools/bin/../lib/gcc/arm-none-eabi/10.3.1/thumb/v7-m/nofp/crtbegin.o
 *(.init)
 .init          0x00000000080009f0        0x4 h:/stm/stm32cubeide_1.10.1/stm32cubeide/plugins/com.st.stm32cube.ide.mcu.externaltools.gnu-tools-for-stm32.10.3-2021.10.win32_1.0.0.202111181127/tools/bin/../lib/gcc/arm-none-eabi/10.3.1/thumb/v7-m/nofp/crti.o
                0x00000000080009f0                _init
 .init          0x00000000080009f4        0x8 h:/stm/stm32cubeide_1.10.1/stm32cubeide/plugins/com.st.stm32cube.ide.mcu.externaltools.gnu-tools-for-stm32.10.3-2021.10.win32_1.0.0.202111181127/tools/bin/../lib/gcc/arm-none-eabi/10.3.1/thumb/v7-m/nofp/crtn.o
 *(.fini)
 .fini          0x00000000080009fc        0x4 h:/stm/stm32cubeide_1.10.1/stm32cubeide/plugins/com.st.stm32cube.ide.mcu.externaltools.gnu-tools-for-stm32.10.3-2021.10.win32_1.0.0.202111181127/tools/bin/../lib/gcc/arm-none-eabi/10.3.1/thumb/v7-m/nofp/crti.o
                0x00000000080009fc                _fini
 .fini          0x0000000008000a00        0x8 h:/stm/stm32cubeide_1.10.1/stm32cubeide/plugins/com.st.stm32cube.ide.mcu.externaltools.gnu-tools-for-stm32.10.3-2021.10.win32_1.0.0.202111181127/tools/bin/../lib/gcc/arm-none-eabi/10.3.1/thumb/v7-m/nofp/crtn.o
                0x0000000008000a08                . = ALIGN (0x4)
                0x0000000008000a08                _etext = .

.vfp11_veneer   0x0000000008000a08        0x0
 .vfp11_veneer  0x0000000008000a08        0x0 linker stubs

.v4_bx          0x0000000008000a08        0x0
 .v4_bx         0x0000000008000a08        0x0 linker stubs

.iplt           0x0000000008000a08        0x0
 .iplt          0x0000000008000a08        0x0 h:/stm/stm32cubeide_1.10.1/stm32cubeide/plugins/com.st.stm32cube.ide.mcu.externaltools.gnu-tools-for-stm32.10.3-2021.10.win32_1.0.0.202111181127/tools/bin/../lib/gcc/arm-none-eabi/10.3.1/thumb/v7-m/nofp/crtbegin.o

.rel.dyn        0x0000000008000a08        0x0
 .rel.iplt      0x0000000008000a08        0x0 h:/stm/stm32cubeide_1.10.1/stm32cubeide/plugins/com.st.stm32cube.ide.mcu.externaltools.gnu-tools-for-stm32.10.3-2021.10.win32_1.0.0.202111181127/tools/bin/../lib/gcc/arm-none-eabi/10.3.1/thumb/v7-m/nofp/crtbegin.o

.rodata         0x0000000008000a08        0x0
                0x0000000008000a08                . = ALIGN (0x4)
 *(.rodata)
 *(.rodata*)
                0x0000000008000a08                . = ALIGN (0x4)

.ARM.extab      0x0000000008000a08        0x0
                0x0000000008000a08                . = ALIGN (0x4)
 *(.ARM.extab* .gnu.linkonce.armextab.*)
                0x0000000008000a08                . = ALIGN (0x4)

.ARM            0x0000000008000a08        0x0
                0x0000000008000a08                . = ALIGN (0x4)
                0x0000000008000a08                __exidx_start = .
 *(.ARM.exidx*)
                0x0000000008000a08                __exidx_end = .
                0x0000000008000a08                . = ALIGN (0x4)

.preinit_array  0x0000000008000a08        0x0
                0x0000000008000a08                . = ALIGN (0x4)
                0x0000000008000a08                PROVIDE (__preinit_array_start = .)
 *(.preinit_array*)
                0x0000000008000a08                PROVIDE (__preinit_array_end = .)
                0x0000000008000a08                . = ALIGN (0x4)

.init_array     0x0000000008000a08        0x4
                0x0000000008000a08                . = ALIGN (0x4)
                0x0000000008000a08                PROVIDE (__init_array_start = .)
 *(SORT_BY_NAME(.init_array.*))
 *(.init_array*)
 .init_array    0x0000000008000a08        0x4 h:/stm/stm32cubeide_1.10.1/stm32cubeide/plugins/com.st.stm32cube.ide.mcu.externaltools.gnu-tools-for-stm32.10.3-2021.10.win32_1.0.0.202111181127/tools/bin/../lib/gcc/arm-none-eabi/10.3.1/thumb/v7-m/nofp/crtbegin.o
                0x0000000008000a0c                PROVIDE (__init_array_end = .)
                0x0000000008000a0c                . = ALIGN (0x4)

.fini_array     0x0000000008000a0c        0x4
                0x0000000008000a0c                . = ALIGN (0x4)
                [!provide]                        PROVIDE (__fini_array_start = .)
 *(SORT_BY_NAME(.fini_array.*))
 *(.fini_array*)
 .fini_array    0x0000000008000a0c        0x4 h:/stm/stm32cubeide_1.10.1/stm32cubeide/plugins/com.st.stm32cube.ide.mcu.externaltools.gnu-tools-for-stm32.10.3-2021.10.win32_1.0.0.202111181127/tools/bin/../lib/gcc/arm-none-eabi/10.3.1/thumb/v7-m/nofp/crtbegin.o
                [!provide]                        PROVIDE (__fini_array_end = .)
                0x0000000008000a10                . = ALIGN (0x4)
                0x0000000008000a10                _sidata = LOADADDR (.data)

.data           0x0000000020000000        0x4 load address 0x0000000008000a10
                0x0000000020000000                . = ALIGN (0x4)
                0x0000000020000000                _sdata = .
 *(.data)
 *(.data*)
 .data.SystemCoreClock
                0x0000000020000000        0x4 ./Core/Src/system_stm32f1xx.o
                0x0000000020000000                SystemCoreClock
 *(.RamFunc)
 *(.RamFunc*)
                0x0000000020000004                . = ALIGN (0x4)
                0x0000000020000004                _edata = .

.igot.plt       0x0000000020000004        0x0 load address 0x0000000008000a14
 .igot.plt      0x0000000020000004        0x0 h:/stm/stm32cubeide_1.10.1/stm32cubeide/plugins/com.st.stm32cube.ide.mcu.externaltools.gnu-tools-for-stm32.10.3-2021.10.win32_1.0.0.202111181127/tools/bin/../lib/gcc/arm-none-eabi/10.3.1/thumb/v7-m/nofp/crtbegin.o
                0x0000000020000004                . = ALIGN (0x4)

.bss            0x0000000020000004       0x20 load address 0x0000000008000a14
                0x0000000020000004                _sbss = .
                0x0000000020000004                __bss_start__ = _sbss
 *(.bss)
 .bss           0x0000000020000004       0x1c h:/stm/stm32cubeide_1.10.1/stm32cubeide/plugins/com.st.stm32cube.ide.mcu.externaltools.gnu-tools-for-stm32.10.3-2021.10.win32_1.0.0.202111181127/tools/bin/../lib/gcc/arm-none-eabi/10.3.1/thumb/v7-m/nofp/crtbegin.o
 *(.bss*)
 .bss.TimingDelay
                0x0000000020000020        0x4 ./Core/Src/main.o
                0x0000000020000020                TimingDelay
 *(COMMON)
                0x0000000020000024                . = ALIGN (0x4)
                0x0000000020000024                _ebss = .
                0x0000000020000024                __bss_end__ = _ebss

._user_heap_stack
                0x0000000020000024      0x604 load address 0x0000000008000a14
                0x0000000020000028                . = ALIGN (0x8)
 *fill*         0x0000000020000024        0x4 
                [!provide]                        PROVIDE (end = .)
                0x0000000020000028                PROVIDE (_end = .)
                0x0000000020000228                . = (. + _Min_Heap_Size)
 *fill*         0x0000000020000028      0x200 
                0x0000000020000628                . = (. + _Min_Stack_Size)
 *fill*         0x0000000020000228      0x400 
                0x0000000020000628                . = ALIGN (0x8)

/DISCARD/
 libc.a(*)
 libm.a(*)
 libgcc.a(*)

.ARM.attributes
                0x0000000000000000       0x29
 *(.ARM.attributes)
 .ARM.attributes
                0x0000000000000000       0x1d h:/stm/stm32cubeide_1.10.1/stm32cubeide/plugins/com.st.stm32cube.ide.mcu.externaltools.gnu-tools-for-stm32.10.3-2021.10.win32_1.0.0.202111181127/tools/bin/../lib/gcc/arm-none-eabi/10.3.1/thumb/v7-m/nofp/crti.o
 .ARM.attributes
                0x000000000000001d       0x2d h:/stm/stm32cubeide_1.10.1/stm32cubeide/plugins/com.st.stm32cube.ide.mcu.externaltools.gnu-tools-for-stm32.10.3-2021.10.win32_1.0.0.202111181127/tools/bin/../lib/gcc/arm-none-eabi/10.3.1/thumb/v7-m/nofp/crtbegin.o
 .ARM.attributes
                0x000000000000004a       0x2d ./Core/Src/main.o
 .ARM.attributes
                0x0000000000000077       0x2d ./Core/Src/stm32f1xx_it.o
 .ARM.attributes
                0x00000000000000a4       0x2d ./Core/Src/system_stm32f1xx.o
 .ARM.attributes
                0x00000000000000d1       0x21 ./Core/Startup/startup_stm32f103c8tx.o
 .ARM.attributes
                0x00000000000000f2       0x2d ./Drivers/STM32F1xx_HAL_Driver/Src/stm32f1xx_ll_gpio.o
 .ARM.attributes
                0x000000000000011f       0x2d ./Drivers/STM32F1xx_HAL_Driver/Src/stm32f1xx_ll_utils.o
 .ARM.attributes
                0x000000000000014c       0x2d h:/stm/stm32cubeide_1.10.1/stm32cubeide/plugins/com.st.stm32cube.ide.mcu.externaltools.gnu-tools-for-stm32.10.3-2021.10.win32_1.0.0.202111181127/tools/bin/../lib/gcc/arm-none-eabi/10.3.1/../../../../arm-none-eabi/lib/thumb/v7-m/nofp\libc_nano.a(lib_a-init.o)
 .ARM.attributes
                0x0000000000000179       0x1d h:/stm/stm32cubeide_1.10.1/stm32cubeide/plugins/com.st.stm32cube.ide.mcu.externaltools.gnu-tools-for-stm32.10.3-2021.10.win32_1.0.0.202111181127/tools/bin/../lib/gcc/arm-none-eabi/10.3.1/thumb/v7-m/nofp/crtn.o
OUTPUT(btap1c.elf elf32-littlearm)
LOAD linker stubs
LOAD h:/stm/stm32cubeide_1.10.1/stm32cubeide/plugins/com.st.stm32cube.ide.mcu.externaltools.gnu-tools-for-stm32.10.3-2021.10.win32_1.0.0.202111181127/tools/bin/../lib/gcc/arm-none-eabi/10.3.1/../../../../arm-none-eabi/lib/thumb/v7-m/nofp\libc.a
LOAD h:/stm/stm32cubeide_1.10.1/stm32cubeide/plugins/com.st.stm32cube.ide.mcu.externaltools.gnu-tools-for-stm32.10.3-2021.10.win32_1.0.0.202111181127/tools/bin/../lib/gcc/arm-none-eabi/10.3.1/../../../../arm-none-eabi/lib/thumb/v7-m/nofp\libm.a
LOAD h:/stm/stm32cubeide_1.10.1/stm32cubeide/plugins/com.st.stm32cube.ide.mcu.externaltools.gnu-tools-for-stm32.10.3-2021.10.win32_1.0.0.202111181127/tools/bin/../lib/gcc/arm-none-eabi/10.3.1/thumb/v7-m/nofp\libgcc.a

.debug_info     0x0000000000000000     0x1e8e
 .debug_info    0x0000000000000000      0xcd3 ./Core/Src/main.o
 .debug_info    0x0000000000000cd3      0x144 ./Core/Src/stm32f1xx_it.o
 .debug_info    0x0000000000000e17      0x236 ./Core/Src/system_stm32f1xx.o
 .debug_info    0x000000000000104d       0x22 ./Core/Startup/startup_stm32f103c8tx.o
 .debug_info    0x000000000000106f      0x5f8 ./Drivers/STM32F1xx_HAL_Driver/Src/stm32f1xx_ll_gpio.o
 .debug_info    0x0000000000001667      0x827 ./Drivers/STM32F1xx_HAL_Driver/Src/stm32f1xx_ll_utils.o

.debug_abbrev   0x0000000000000000      0x91e
 .debug_abbrev  0x0000000000000000      0x30f ./Core/Src/main.o
 .debug_abbrev  0x000000000000030f       0x80 ./Core/Src/stm32f1xx_it.o
 .debug_abbrev  0x000000000000038f      0x13b ./Core/Src/system_stm32f1xx.o
 .debug_abbrev  0x00000000000004ca       0x12 ./Core/Startup/startup_stm32f103c8tx.o
 .debug_abbrev  0x00000000000004dc      0x1fa ./Drivers/STM32F1xx_HAL_Driver/Src/stm32f1xx_ll_gpio.o
 .debug_abbrev  0x00000000000006d6      0x248 ./Drivers/STM32F1xx_HAL_Driver/Src/stm32f1xx_ll_utils.o

.debug_aranges  0x0000000000000000      0x2e8
 .debug_aranges
                0x0000000000000000       0xe8 ./Core/Src/main.o
 .debug_aranges
                0x00000000000000e8       0x58 ./Core/Src/stm32f1xx_it.o
 .debug_aranges
                0x0000000000000140       0x28 ./Core/Src/system_stm32f1xx.o
 .debug_aranges
                0x0000000000000168       0x28 ./Core/Startup/startup_stm32f103c8tx.o
 .debug_aranges
                0x0000000000000190       0x60 ./Drivers/STM32F1xx_HAL_Driver/Src/stm32f1xx_ll_gpio.o
 .debug_aranges
                0x00000000000001f0       0xf8 ./Drivers/STM32F1xx_HAL_Driver/Src/stm32f1xx_ll_utils.o

.debug_ranges   0x0000000000000000      0x290
 .debug_ranges  0x0000000000000000       0xd8 ./Core/Src/main.o
 .debug_ranges  0x00000000000000d8       0x48 ./Core/Src/stm32f1xx_it.o
 .debug_ranges  0x0000000000000120       0x18 ./Core/Src/system_stm32f1xx.o
 .debug_ranges  0x0000000000000138       0x20 ./Core/Startup/startup_stm32f103c8tx.o
 .debug_ranges  0x0000000000000158       0x50 ./Drivers/STM32F1xx_HAL_Driver/Src/stm32f1xx_ll_gpio.o
 .debug_ranges  0x00000000000001a8       0xe8 ./Drivers/STM32F1xx_HAL_Driver/Src/stm32f1xx_ll_utils.o

.debug_macro    0x0000000000000000    0x11053
 .debug_macro   0x0000000000000000      0x122 ./Core/Src/main.o
 .debug_macro   0x0000000000000122      0xa9c ./Core/Src/main.o
 .debug_macro   0x0000000000000bbe       0x2e ./Core/Src/main.o
 .debug_macro   0x0000000000000bec       0x22 ./Core/Src/main.o
 .debug_macro   0x0000000000000c0e       0x22 ./Core/Src/main.o
 .debug_macro   0x0000000000000c30       0x8e ./Core/Src/main.o
 .debug_macro   0x0000000000000cbe       0x51 ./Core/Src/main.o
 .debug_macro   0x0000000000000d0f      0x103 ./Core/Src/main.o
 .debug_macro   0x0000000000000e12       0x6a ./Core/Src/main.o
 .debug_macro   0x0000000000000e7c      0x1df ./Core/Src/main.o
 .debug_macro   0x000000000000105b       0x1c ./Core/Src/main.o
 .debug_macro   0x0000000000001077       0x22 ./Core/Src/main.o
 .debug_macro   0x0000000000001099       0xbd ./Core/Src/main.o
 .debug_macro   0x0000000000001156      0xd23 ./Core/Src/main.o
 .debug_macro   0x0000000000001e79     0xe09e ./Core/Src/main.o
 .debug_macro   0x000000000000ff17       0x6d ./Core/Src/main.o
 .debug_macro   0x000000000000ff84      0x2b8 ./Core/Src/main.o
 .debug_macro   0x000000000001023c       0xd7 ./Core/Src/main.o
 .debug_macro   0x0000000000010313       0x74 ./Core/Src/main.o
 .debug_macro   0x0000000000010387       0xd0 ./Core/Src/main.o
 .debug_macro   0x0000000000010457       0x28 ./Core/Src/main.o
 .debug_macro   0x000000000001047f       0x2a ./Core/Src/main.o
 .debug_macro   0x00000000000104a9       0x90 ./Core/Src/main.o
 .debug_macro   0x0000000000010539      0x287 ./Core/Src/main.o
 .debug_macro   0x00000000000107c0      0x229 ./Core/Src/main.o
 .debug_macro   0x00000000000109e9       0x2e ./Core/Src/main.o
 .debug_macro   0x0000000000010a17      0x12c ./Core/Src/stm32f1xx_it.o
 .debug_macro   0x0000000000010b43       0xbc ./Core/Src/system_stm32f1xx.o
 .debug_macro   0x0000000000010bff       0xf8 ./Drivers/STM32F1xx_HAL_Driver/Src/stm32f1xx_ll_gpio.o
 .debug_macro   0x0000000000010cf7      0x223 ./Drivers/STM32F1xx_HAL_Driver/Src/stm32f1xx_ll_gpio.o
 .debug_macro   0x0000000000010f1a      0x139 ./Drivers/STM32F1xx_HAL_Driver/Src/stm32f1xx_ll_utils.o

.debug_line     0x0000000000000000     0x2467
 .debug_line    0x0000000000000000      0x92d ./Core/Src/main.o
 .debug_line    0x000000000000092d      0x605 ./Core/Src/stm32f1xx_it.o
 .debug_line    0x0000000000000f32      0x4d9 ./Core/Src/system_stm32f1xx.o
 .debug_line    0x000000000000140b       0x86 ./Core/Startup/startup_stm32f103c8tx.o
 .debug_line    0x0000000000001491      0x6e1 ./Drivers/STM32F1xx_HAL_Driver/Src/stm32f1xx_ll_gpio.o
 .debug_line    0x0000000000001b72      0x8f5 ./Drivers/STM32F1xx_HAL_Driver/Src/stm32f1xx_ll_utils.o

.debug_str      0x0000000000000000    0x5a075
 .debug_str     0x0000000000000000    0x59018 ./Core/Src/main.o
                                      0x59352 (size before relaxing)
 .debug_str     0x0000000000059018       0xad ./Core/Src/stm32f1xx_it.o
                                      0x58bed (size before relaxing)
 .debug_str     0x00000000000590c5       0x74 ./Core/Src/system_stm32f1xx.o
                                      0x5461a (size before relaxing)
 .debug_str     0x0000000000059139       0x36 ./Core/Startup/startup_stm32f103c8tx.o
                                         0x50 (size before relaxing)
 .debug_str     0x000000000005916f      0x3fd ./Drivers/STM32F1xx_HAL_Driver/Src/stm32f1xx_ll_gpio.o
                                      0x55f5d (size before relaxing)
 .debug_str     0x000000000005956c      0xb09 ./Drivers/STM32F1xx_HAL_Driver/Src/stm32f1xx_ll_utils.o
                                      0x567d9 (size before relaxing)

.comment        0x0000000000000000       0x50
 .comment       0x0000000000000000       0x50 ./Core/Src/main.o
                                         0x51 (size before relaxing)
 .comment       0x0000000000000050       0x51 ./Core/Src/stm32f1xx_it.o
 .comment       0x0000000000000050       0x51 ./Core/Src/system_stm32f1xx.o
 .comment       0x0000000000000050       0x51 ./Drivers/STM32F1xx_HAL_Driver/Src/stm32f1xx_ll_gpio.o
 .comment       0x0000000000000050       0x51 ./Drivers/STM32F1xx_HAL_Driver/Src/stm32f1xx_ll_utils.o

.debug_frame    0x0000000000000000      0xa94
 .debug_frame   0x0000000000000000      0x3b8 ./Core/Src/main.o
 .debug_frame   0x00000000000003b8       0xe8 ./Core/Src/stm32f1xx_it.o
 .debug_frame   0x00000000000004a0       0x58 ./Core/Src/system_stm32f1xx.o
 .debug_frame   0x00000000000004f8      0x170 ./Drivers/STM32F1xx_HAL_Driver/Src/stm32f1xx_ll_gpio.o
 .debug_frame   0x0000000000000668      0x400 ./Drivers/STM32F1xx_HAL_Driver/Src/stm32f1xx_ll_utils.o
 .debug_frame   0x0000000000000a68       0x2c h:/stm/stm32cubeide_1.10.1/stm32cubeide/plugins/com.st.stm32cube.ide.mcu.externaltools.gnu-tools-for-stm32.10.3-2021.10.win32_1.0.0.202111181127/tools/bin/../lib/gcc/arm-none-eabi/10.3.1/../../../../arm-none-eabi/lib/thumb/v7-m/nofp\libc_nano.a(lib_a-init.o)
